Tue Sep 16 00:44:50 UTC 2025
Tue Sep 16 09:24:20 UTC 2025
Wed Sep 17 09:23:22 UTC 2025
Thu Sep 18 09:23:25 UTC 2025
Fri Sep 19 09:23:59 UTC 2025
Sat Sep 20 09:20:33 UTC 2025
Sun Sep 21 09:19:54 UTC 2025
Mon Sep 22 09:27:18 UTC 2025
Tue Sep 23 09:24:21 UTC 2025
Wed Sep 24 09:24:00 UTC 2025
Thu Sep 25 09:24:12 UTC 2025
Fri Sep 26 09:24:26 UTC 2025
Sat Sep 27 09:19:15 UTC 2025
Sun Sep 28 09:20:00 UTC 2025
Mon Sep 29 09:26:42 UTC 2025
Tue Sep 30 09:24:06 UTC 2025
Wed Oct  1 09:24:53 UTC 2025
Thu Oct  2 09:22:37 UTC 2025
Fri Oct  3 09:21:52 UTC 2025
Sat Oct  4 09:19:52 UTC 2025
Sun Oct  5 09:19:22 UTC 2025
Mon Oct  6 09:26:49 UTC 2025
Tue Oct  7 09:24:16 UTC 2025
Wed Oct  8 09:24:41 UTC 2025
Thu Oct  9 09:24:03 UTC 2025
Fri Oct 10 09:24:29 UTC 2025
Sat Oct 11 09:19:46 UTC 2025
Sun Oct 12 09:19:55 UTC 2025
Mon Oct 13 09:27:20 UTC 2025
Tue Oct 14 09:25:05 UTC 2025
Wed Oct 15 09:25:19 UTC 2025
Thu Oct 16 09:25:43 UTC 2025
Fri Oct 17 09:24:45 UTC 2025
Sat Oct 18 09:20:34 UTC 2025
Sun Oct 19 09:20:06 UTC 2025
Mon Oct 20 09:26:46 UTC 2025
Tue Oct 21 09:26:00 UTC 2025
Wed Oct 22 09:26:57 UTC 2025
Thu Oct 23 09:26:01 UTC 2025
Fri Oct 24 09:25:06 UTC 2025
Sat Oct 25 09:20:07 UTC 2025
Sun Oct 26 09:19:59 UTC 2025
Mon Oct 27 09:28:15 UTC 2025
Tue Oct 28 09:25:19 UTC 2025
Wed Oct 29 09:24:37 UTC 2025
Thu Oct 30 09:25:44 UTC 2025
Fri Oct 31 09:25:32 UTC 2025
Sat Nov  1 09:21:06 UTC 2025
Sun Nov  2 09:19:53 UTC 2025
Mon Nov  3 09:28:20 UTC 2025
Tue Nov  4 09:26:51 UTC 2025
Wed Nov  5 09:26:44 UTC 2025
Thu Nov  6 09:26:26 UTC 2025
Fri Nov  7 09:24:38 UTC 2025
Sat Nov  8 09:21:08 UTC 2025
Sun Nov  9 09:20:39 UTC 2025
Mon Nov 10 09:28:13 UTC 2025
Tue Nov 11 09:26:36 UTC 2025
Wed Nov 12 09:26:21 UTC 2025
Thu Nov 13 09:26:45 UTC 2025
Fri Nov 14 09:25:44 UTC 2025
Sat Nov 15 09:21:06 UTC 2025
Sun Nov 16 09:22:16 UTC 2025
Mon Nov 17 09:29:20 UTC 2025
Tue Nov 18 09:26:41 UTC 2025
Wed Nov 19 09:26:56 UTC 2025
Thu Nov 20 09:25:20 UTC 2025
Fri Nov 21 09:25:14 UTC 2025
Sat Nov 22 09:22:02 UTC 2025
Sun Nov 23 09:22:22 UTC 2025
Mon Nov 24 09:29:45 UTC 2025
Tue Nov 25 09:28:01 UTC 2025
Wed Nov 26 09:28:07 UTC 2025
Thu Nov 27 09:27:02 UTC 2025
Fri Nov 28 09:25:46 UTC 2025
Sat Nov 29 09:23:20 UTC 2025
Sun Nov 30 09:22:02 UTC 2025
Mon Dec  1 09:33:29 UTC 2025
Tue Dec  2 09:30:32 UTC 2025
Wed Dec  3 09:29:03 UTC 2025
Thu Dec  4 09:29:24 UTC 2025
Fri Dec  5 09:26:44 UTC 2025
Sat Dec  6 09:23:16 UTC 2025
Sun Dec  7 09:23:03 UTC 2025
Mon Dec  8 09:33:07 UTC 2025
Tue Dec  9 09:28:24 UTC 2025
Wed Dec 10 09:28:58 UTC 2025
Thu Dec 11 09:30:22 UTC 2025
Fri Dec 12 09:29:41 UTC 2025
Sat Dec 13 09:23:50 UTC 2025
Sun Dec 14 09:24:21 UTC 2025
Mon Dec 15 09:36:39 UTC 2025
Tue Dec 16 09:31:02 UTC 2025
Wed Dec 17 09:32:19 UTC 2025
Thu Dec 18 09:31:25 UTC 2025
Fri Dec 19 09:28:48 UTC 2025
Sat Dec 20 09:23:47 UTC 2025
Sun Dec 21 09:24:26 UTC 2025
Mon Dec 22 09:33:14 UTC 2025
Tue Dec 23 09:29:42 UTC 2025
Wed Dec 24 09:28:37 UTC 2025
Thu Dec 25 09:27:39 UTC 2025
